Microchip MPLAB XC8 Compiler V3.00

Linker command line:

-W-3 --edf=D:\Aarav study\pic\dat\20241204225717_en.msgs -cn \
  -h+dist/default/production\Actual_project.X.production.sym \
  --cmf=dist/default/production\Actual_project.X.production.cmf -z \
  -Q16F877A -oC:\Users\user\AppData\Local\Temp\xcAshgc.\driver_tmp_3.o \
  --defsym=__MPLAB_BUILD=1 --fixupoverflow=error \
  -Mdist/default/production/Actual_project.X.production.map \
  --md=C:\Users\user\AppData\Local\Temp\xcAshgc.\driver_tmp_0.dat -E1 \
  -ver=XC8 Compiler -ACODE=00h-07FFhx4 -ASTRCODE=00h-01FFFh \
  -ASTRING=00h-0FFhx32 -ACONST=00h-0FFhx32 -AENTRY=00h-0FFhx32 \
  -ACOMMON=070h-07Fh -ABANK0=020h-06Fh -ABANK1=0A0h-0EFh \
  -ABANK2=0110h-016Fh -ABANK3=0190h-01EFh \
  -ARAM=020h-06Fh,0A0h-0EFh,0110h-016Fh,0190h-01EFh \
  -AABS1=020h-07Fh,0A0h-0EFh,0110h-016Fh,0190h-01EFh -ASFR0=00h-01Fh \
  -ASFR1=080h-09Fh -ASFR2=0100h-010Fh -ASFR3=0180h-018Fh \
  -ACONFIG=02007h-02007h -DCONFIG=2 -AIDLOC=02000h-02003h -DIDLOC=2 \
  -AEEDATA=00h-0FFh/02100h -peeprom_data=EEDATA -DEEDATA=2 -DCODE=2 \
  -DSTRCODE=2 -DSTRING=2 -DCONST=2 -DENTRY=2 \
  -preset_vec=00h,intentry=04h,sivt,init,end_init -ppowerup=CODE \
  -pcinit=CODE -pfunctab=ENTRY -k \
  C:\Users\user\AppData\Local\Temp\xcAshgc.\driver_tmp_12.o \
  dist/default/production\Actual_project.X.production.o 

Object code version is 3.11

Machine type is 16F877A



                Name                               Link     Load   Length Selector   Space Scale
C:\Users\user\AppData\Local\Temp\xcAshgc.\driver_tmp_12.o
                end_init                              C        C        3        8       0
                reset_vec                             0        0        3        0       0
                config                             2007     2007        1        0       4
dist/default/production\Actual_project.X.production.o
                cinit                                 F        F       3D        8       0
                intentry                              4        4        8        8       0
                config                             2007     2007        1        0       4
                text27                             1579     1579       4D     2AF2       0
                text26                             14DD     14DD       20     29BA       0
                text25                             161A     161A       57     2C34       0
                text24                             1486     1486        B     290C       0
                text23                             1477     1477        6     28EE       0
                text22                             147D     147D        9     28FA       0
                text21                              7E2      7E2       1A        8       0
                text20                             154A     154A       2F     2A94       0
                text19                             14C8     14C8       15     2990       0
                text18                              763      763       7F        8       0
                text17                             15C6     15C6       54     2B8C       0
                text16                             1727     1727       63     2E4E       0
                text15                             1671     1671       57     2CE2       0
                text14                             14A2     14A2       13     2944       0
                text13                              822      822       A4     1044       0
                text12                             1521     1521       29     2A42       0
                text11                              421      421      342        8       0
                text10                              DB0      DB0      250     1B60       0
                text9                              14FD     14FD       24     29FA       0
                text8                              178A     178A       76     2F14       0
                text7                               8C6      8C6       B6     118C       0
                text6                              1491     1491       11     2922       0
                text5                              16C8     16C8       5F     2D90       0
                text4                                4C       4C      3D5        8       0
                text3                               C67      C67      149     18CE       0
                text2                               97C      97C       F3     12F8       0
                text1                               A6F      A6F       F3     14DE       0
                maintext                            B62      B62      105     16C4       0
                cstackBANK0                          20       20       46       20       1
                cstackCOMMON                         70       70        A       70       1
                inittext                           14B5     14B5       13     296A       0
                dataBANK1                            A0       A0       22       A0       1
                bssBANK1                             C2       C2        7       A0       1
                dataBANK0                            6E       6E        2       20       1
                bssBANK0                             66       66        8       20       1
                dataCOMMON                           7A       7A        2       70       1
                stringtext                         1000     1000      189       20       0
                strings                            1189     1189       12     2312       0
                idataBANK1                          800      800       22     1000       0
                idataBANK0                          7FE      7FE        2        8       0
                idataCOMMON                         7FC      7FC        2        8       0

TOTAL           Name                               Link     Load   Length     Space
        CLASS   CODE           
                end_init                              C        C        3         0
                cinit                                 F        F       3D         0
                intentry                              4        4        8         0
                reset_vec                             0        0        3         0
                text27                             1579     1579       4D         0
                text26                             14DD     14DD       20         0
                text25                             161A     161A       57         0
                text24                             1486     1486        B         0
                text23                             1477     1477        6         0
                text22                             147D     147D        9         0
                text21                              7E2      7E2       1A         0
                text20                             154A     154A       2F         0
                text19                             14C8     14C8       15         0
                text18                              763      763       7F         0
                text17                             15C6     15C6       54         0
                text16                             1727     1727       63         0
                text15                             1671     1671       57         0
                text14                             14A2     14A2       13         0
                text13                              822      822       A4         0
                text12                             1521     1521       29         0
                text11                              421      421      342         0
                text10                              DB0      DB0      250         0
                text9                              14FD     14FD       24         0
                text8                              178A     178A       76         0
                text7                               8C6      8C6       B6         0
                text6                              1491     1491       11         0
                text5                              16C8     16C8       5F         0
                text4                                4C       4C      3D5         0
                text3                               C67      C67      149         0
                text2                               97C      97C       F3         0
                text1                               A6F      A6F       F3         0
                maintext                            B62      B62      105         0
                inittext                           14B5     14B5       13         0
                idataBANK1                          800      800       22         0
                idataBANK0                          7FE      7FE        2         0
                idataCOMMON                         7FC      7FC        2         0

        CLASS   STRCODE        
                stringtext                         1000     1000      189         0

        CLASS   STRING         
                strings                            1189     1189       12         0

        CLASS   CONST          

        CLASS   ENTRY          

        CLASS   COMMON         
                cstackCOMMON                         70       70        A         1
                dataCOMMON                           7A       7A        2         1

        CLASS   BANK0          
                cstackBANK0                          20       20       46         1
                dataBANK0                            6E       6E        2         1
                bssBANK0                             66       66        8         1

        CLASS   BANK1          
                dataBANK1                            A0       A0       22         1
                bssBANK1                             C2       C2        7         1

        CLASS   BANK2          

        CLASS   BANK3          

        CLASS   RAM            

        CLASS   ABS1           
                abs_s1                               7E       7E        2         1

        CLASS   SFR0           

        CLASS   SFR1           

        CLASS   SFR2           

        CLASS   SFR3           

        CLASS   CONFIG         
                config                             2007     2007        1         4

        CLASS   IDLOC          

        CLASS   EEDATA         

        CLASS   HEAP           

        CLASS   STACK          



SEGMENTS        Name                           Load    Length   Top    Selector   Space  Class     Delta

                reset_vec                      000000  000003  000003         0       0  CODE        2
                intentry                       000004  0007FC  000800         8       0  CODE        2
                cstackBANK0                    000020  000050  000070        20       1  BANK0       1
                cstackCOMMON                   000070  00000C  00007C        70       1  COMMON      1
                dataBANK1                      0000A0  000029  0000C9        A0       1  BANK1       1
                idataBANK1                     000800  000022  000822      1000       0  CODE        2
                text13                         000822  0000A4  0008C6      1044       0  CODE        2
                text7                          0008C6  0000B6  00097C      118C       0  CODE        2
                text2                          00097C  0000F3  000A6F      12F8       0  CODE        2
                text1                          000A6F  0000F3  000B62      14DE       0  CODE        2
                maintext                       000B62  000105  000C67      16C4       0  CODE        2
                text3                          000C67  000149  000DB0      18CE       0  CODE        2
                text10                         000DB0  000250  001000      1B60       0  CODE        2
                stringtext                     001000  000189  001189        20       0  STRCODE     2
                strings                        001189  000012  00119B      2312       0  STRING      2
                text23                         001477  000006  00147D      28EE       0  CODE        2
                text22                         00147D  000009  001486      28FA       0  CODE        2
                text24                         001486  00000B  001491      290C       0  CODE        2
                text6                          001491  000011  0014A2      2922       0  CODE        2
                text14                         0014A2  000013  0014B5      2944       0  CODE        2
                inittext                       0014B5  000013  0014C8      296A       0  CODE        2
                text19                         0014C8  000015  0014DD      2990       0  CODE        2
                text26                         0014DD  000020  0014FD      29BA       0  CODE        2
                text9                          0014FD  000024  001521      29FA       0  CODE        2
                text12                         001521  000029  00154A      2A42       0  CODE        2
                text20                         00154A  00002F  001579      2A94       0  CODE        2
                text27                         001579  00004D  0015C6      2AF2       0  CODE        2
                text17                         0015C6  000054  00161A      2B8C       0  CODE        2
                text25                         00161A  000057  001671      2C34       0  CODE        2
                text15                         001671  000057  0016C8      2CE2       0  CODE        2
                text5                          0016C8  00005F  001727      2D90       0  CODE        2
                text16                         001727  000063  00178A      2E4E       0  CODE        2
                text8                          00178A  000076  001800      2F14       0  CODE        2


UNUSED ADDRESS RANGES

        Name                Unused          Largest block    Delta
        BANK1            00C9-00EF             27           1
        BANK2            0110-016F             60           1
        BANK3            0190-01EF             60           1
        CODE             0003-0003              1           2
                         119B-1476            2DC
                         1800-1FFF            800
        COMMON           007C-007D              2           1
        CONST            0003-0003              1           2
                         119B-1476            100
                         1800-1FFF            100
        EEDATA           2100-21FF            100           2
        ENTRY            0003-0003              1           2
                         119B-1476            100
                         1800-1FFF            100
        IDLOC            2000-2003              4           2
        RAM              00C9-00EF             27           1
                         0110-016F             60
                         0190-01EF             60
        SFR0             0000-001F             20           1
        SFR1             0080-009F             20           1
        SFR2             0100-010F             10           1
        SFR3             0180-018F             10           1
        STRCODE          0003-0003              1           2
                         119B-1476            2DC
                         1800-1FFF            800
        STRING           0003-0003              1           2
                         119B-1476            100
                         1800-1FFF            100

                                  Symbol Table

?__Umul8_16                         cstackCOMMON 0072
?___awdiv                           cstackCOMMON 0072
?___awmod                           cstackCOMMON 0072
?___fladd                           cstackCOMMON 0072
?___flmul                           cstackBANK0  0026
?___flsub                           cstackBANK0  0040
?___fltol                           cstackBANK0  0040
?___xxtofl                          cstackCOMMON 0072
_GIE                                (abs)        005F
_PEIE                               (abs)        005E
_PORTB                              (abs)        0006
_PORTD                              (abs)        0008
_PR2                                (abs)        0092
_RB0                                (abs)        0030
_RB4                                (abs)        0034
_RC1                                (abs)        0039
_RC2                                (abs)        003A
_RE1                                (abs)        0049
_RE2                                (abs)        004A
_Rinse_time                         bssBANK1     00C8
_Spin_time                          bssBANK1     00C7
_TMR2IE                             (abs)        0461
_TMR2IF                             (abs)        0061
_TMR2ON                             (abs)        0092
_TRISB                              (abs)        0086
_TRISC1                             (abs)        0439
_TRISC2                             (abs)        043A
_TRISD                              (abs)        0088
_TRISE1                             (abs)        0449
_TRISE2                             (abs)        044A
_Time                               bssBANK0     0066
_Total_time                         bssBANK0     0068
_Wash_time                          bssBANK0     0067
__H__absolute__                     __absolute__ 0000
__Habs1                             abs1         0000
__Hbank0                            bank0        0000
__Hbank1                            bank1        0000
__Hbank2                            bank2        0000
__Hbank3                            bank3        0000
__HbssBANK0                         bssBANK0     0000
__HbssBANK1                         bssBANK1     0000
__Hcinit                            cinit        004C
__Hclrtext                          clrtext      0000
__Hcode                             code         0000
__Hcommon                           common       0000
__Hconfig                           config       2008
__HcstackBANK0                      cstackBANK0  0000
__HcstackCOMMON                     cstackCOMMON 0000
__HdataBANK0                        dataBANK0    0000
__HdataBANK1                        dataBANK1    0000
__HdataCOMMON                       dataCOMMON   0000
__Heeprom_data                      eeprom_data  0000
__Hend_init                         end_init     000F
__Hfunctab                          functab      0000
__Hheap                             heap         0000
__HidataBANK0                       idataBANK0   0000
__HidataBANK1                       idataBANK1   0000
__HidataCOMMON                      idataCOMMON  0000
__Hinit                             init         000C
__Hinittext                         inittext     0000
__Hintentry                         intentry     000C
__Hmaintext                         maintext     0000
__Hpowerup                          powerup      0000
__Hram                              ram          0000
__Hreset_vec                        reset_vec    0003
__Hsfr0                             sfr0         0000
__Hsfr1                             sfr1         0000
__Hsfr2                             sfr2         0000
__Hsfr3                             sfr3         0000
__Hsivt                             sivt         000C
__Hspace_0                          (abs)        1800
__Hspace_1                          (abs)        00C9
__Hspace_2                          (abs)        0000
__Hspace_3                          (abs)        0000
__Hspace_4                          (abs)        400F
__Hstack                            stack        0000
__Hstrings                          strings      0000
__Hstringtext                       stringtext   0000
__Htext                             text         0000
__L__absolute__                     __absolute__ 0000
__Labs1                             abs1         0000
__Lbank0                            bank0        0000
__Lbank1                            bank1        0000
__Lbank2                            bank2        0000
__Lbank3                            bank3        0000
__LbssBANK0                         bssBANK0     0000
__LbssBANK1                         bssBANK1     0000
__Lcinit                            cinit        000F
__Lclrtext                          clrtext      0000
__Lcode                             code         0000
__Lcommon                           common       0000
__Lconfig                           config       0000
__LcstackBANK0                      cstackBANK0  0000
__LcstackCOMMON                     cstackCOMMON 0000
__LdataBANK0                        dataBANK0    0000
__LdataBANK1                        dataBANK1    0000
__LdataCOMMON                       dataCOMMON   0000
__Leeprom_data                      eeprom_data  0000
__Lend_init                         end_init     000C
__Lfunctab                          functab      0000
__Lheap                             heap         0000
__LidataBANK0                       idataBANK0   0000
__LidataBANK1                       idataBANK1   0000
__LidataCOMMON                      idataCOMMON  0000
__Linit                             init         000C
__Linittext                         inittext     0000
__Lintentry                         intentry     0004
__Lmaintext                         maintext     0000
__Lpowerup                          powerup      0000
__Lram                              ram          0000
__Lreset_vec                        reset_vec    0000
__Lsfr0                             sfr0         0000
__Lsfr1                             sfr1         0000
__Lsfr2                             sfr2         0000
__Lsfr3                             sfr3         0000
__Lsivt                             sivt         000C
__Lspace_0                          (abs)        0000
__Lspace_1                          (abs)        0000
__Lspace_2                          (abs)        0000
__Lspace_3                          (abs)        0000
__Lspace_4                          (abs)        0000
__Lstack                            stack        0000
__Lstrings                          strings      0000
__Lstringtext                       stringtext   0000
__Ltext                             text         0000
__S0                                (abs)        1800
__S1                                (abs)        00C9
__S3                                (abs)        0000
__Umul8_16                          text12       1521
__Umul8_16@multiplicand             cstackCOMMON 0072
__Umul8_16@multiplier               cstackBANK0  0024
__Umul8_16@product                  cstackBANK0  0020
__Umul8_16@word_mpld                cstackBANK0  0022
___awdiv                            text16       1727
___awdiv@counter                    cstackCOMMON 0076
___awdiv@dividend                   cstackCOMMON 0074
___awdiv@divisor                    cstackCOMMON 0072
___awdiv@quotient                   cstackCOMMON 0078
___awdiv@sign                       cstackCOMMON 0077
___awmod                            text15       1671
___awmod@counter                    cstackCOMMON 0076
___awmod@dividend                   cstackCOMMON 0074
___awmod@divisor                    cstackCOMMON 0072
___awmod@sign                       cstackCOMMON 0077
___bmul                             text14       14A2
___bmul@multiplicand                cstackCOMMON 0072
___bmul@multiplier                  cstackCOMMON 0074
___bmul@product                     cstackCOMMON 0073
___fladd                            text10       0DB0
___fladd@a                          cstackCOMMON 0076
___fladd@aexp                       cstackBANK0  0029
___fladd@b                          cstackCOMMON 0072
___fladd@bexp                       cstackBANK0  002A
___fladd@grs                        cstackBANK0  002B
___fladd@signs                      cstackBANK0  0028
___flge                             text13       0822
___flge@ff1                         cstackBANK0  0048
___flge@ff2                         cstackBANK0  004C
___flmul                            text11       0421
___flmul@a                          cstackBANK0  002A
___flmul@aexp                       cstackBANK0  0034
___flmul@b                          cstackBANK0  0026
___flmul@bexp                       cstackBANK0  0039
___flmul@grs                        cstackBANK0  0035
___flmul@prod                       cstackBANK0  003A
___flmul@sign                       cstackBANK0  0033
___flmul@temp                       cstackBANK0  003E
___flsub                            text9        14FD
___flsub@a                          cstackBANK0  0040
___flsub@b                          cstackBANK0  0044
___fltol                            text8        178A
___fltol@exp1                       cstackBANK0  0049
___fltol@f1                         cstackBANK0  0040
___fltol@sign1                      cstackBANK0  0048
___heap_hi                          (abs)        0000
___heap_lo                          (abs)        0000
___int_sp                           stack        0000
___int_stack_hi                     stack        0000
___int_stack_lo                     stack        0000
___latbits                          (abs)        0002
___sp                               stack        0000
___stack_hi                         stack        0000
___stack_lo                         stack        0000
___stackhi                          (abs)        0000
___stacklo                          (abs)        0000
___xxtofl                           text7        08C6
___xxtofl@arg                       cstackBANK0  0022
___xxtofl@exp                       cstackBANK0  0021
___xxtofl@sign                      cstackBANK0  0020
___xxtofl@val                       cstackCOMMON 0072
__end_of__Umul8_16                  text12       154A
__end_of___awdiv                    text16       178A
__end_of___awmod                    text15       16C8
__end_of___bmul                     text14       14B5
__end_of___fladd                    text10       1000
__end_of___flge                     text13       08C6
__end_of___flmul                    text11       0763
__end_of___flsub                    text9        1521
__end_of___fltol                    text8        1800
__end_of___xxtofl                   text7        097C
__end_of__initialization            cinit        0048
__end_of__stringtab                 strings      119B
__end_of_clcd_print                 text20       1579
__end_of_clcd_putch                 text19       14DD
__end_of_clcd_write                 text26       14FD
__end_of_clear_screen               text6        14A2
__end_of_door_status_check          text5        1727
__end_of_init_clcd                  text24       1491
__end_of_init_config                text21       07FC
__end_of_init_digital_keypad        text23       147D
__end_of_init_display_controller    text25       1671
__end_of_init_timer2                text22       1486
__end_of_isr                        text27       15C6
__end_of_main                       maintext     0C67
__end_of_powering_on                text18       07E2
__end_of_read_digital_keypad        text17       161A
__end_of_run_program                text4        0421
__end_of_set_time                   text3        0DB0
__end_of_washing_program_displaying text2        0A6F
__end_of_water_lvl_screen_display   text1        0B62
__initialization                    cinit        000F
__pbssBANK0                         bssBANK0     0066
__pbssBANK1                         bssBANK1     00C2
__pcstackBANK0                      cstackBANK0  0020
__pcstackCOMMON                     cstackCOMMON 0070
__pdataBANK0                        dataBANK0    006E
__pdataBANK1                        dataBANK1    00A0
__pdataCOMMON                       dataCOMMON   007A
__pidataBANK0                       idataBANK0   07FE
__pidataBANK1                       idataBANK1   0800
__pidataCOMMON                      idataCOMMON  07FC
__pintentry                         intentry     0004
__pmaintext                         maintext     0B62
__pstrings                          strings      1189
__pstringtext                       stringtext   1000
__ptext1                            text1        0A6F
__ptext10                           text10       0DB0
__ptext11                           text11       0421
__ptext12                           text12       1521
__ptext13                           text13       0822
__ptext14                           text14       14A2
__ptext15                           text15       1671
__ptext16                           text16       1727
__ptext17                           text17       15C6
__ptext18                           text18       0763
__ptext19                           text19       14C8
__ptext2                            text2        097C
__ptext20                           text20       154A
__ptext21                           text21       07E2
__ptext22                           text22       147D
__ptext23                           text23       1477
__ptext24                           text24       1486
__ptext25                           text25       161A
__ptext26                           text26       14DD
__ptext27                           text27       1579
__ptext3                            text3        0C67
__ptext4                            text4        004C
__ptext5                            text5        16C8
__ptext6                            text6        1491
__ptext7                            text7        08C6
__ptext8                            text8        178A
__ptext9                            text9        14FD
__stringbase                        strings      119B
__stringtab                         strings      1189
_clcd_print                         text20       154A
_clcd_putch                         text19       14C8
_clcd_write                         text26       14DD
_clear_screen                       text6        1491
_count                              bssBANK1     00C2
_door_status_check                  text5        16C8
_init_clcd                          text24       1486
_init_config                        text21       07E2
_init_digital_keypad                text23       1477
_init_display_controller            text25       161A
_init_timer2                        text22       147D
_isr                                text27       1579
_key                                bssBANK0     006D
_level                              bssBANK0     006B
_main                               maintext     0B62
_min                                bssBANK0     0069
_operational_mode                   dataBANK0    006E
_powering_on                        text18       0763
_program_index                      bssBANK0     006C
_read_digital_keypad                text17       15C6
_reset_flag                         dataBANK0    006F
_run_program                        text4        004C
_sec                                bssBANK0     006A
_set_time                           text3        0C67
_washing_program_displaying         text2        097C
_washing_programs                   dataBANK1    00A0
_water_level                        dataBANK1    00B8
_water_lvl_screen_display           text1        0A6F
btemp                               (abs)        007E
clcd_print@addr                     cstackCOMMON 0078
clcd_print@str                      cstackCOMMON 0076
clcd_putch@addr                     cstackBANK0  0020
clcd_putch@data                     cstackBANK0  0021
clcd_write@byte                     cstackCOMMON 0075
clcd_write@mode                     cstackCOMMON 0072
end_of_initialization               cinit        0048
init_fetch0                         inittext     14B5
init_ram0                           inittext     14B9
interrupt_function                  intentry     0004
intlevel0                           functab      0000
intlevel1                           functab      0000
intlevel2                           functab      0000
intlevel3                           functab      0000
intlevel4                           functab      0000
intlevel5                           functab      0000
main@delay                          cstackBANK0  0064
powering_on@i                       cstackBANK0  0025
powering_on@i_173                   cstackBANK0  0026
read_digital_keypad@key             cstackCOMMON 0072
read_digital_keypad@longpressed     dataCOMMON   007A
read_digital_keypad@once            dataCOMMON   007B
read_digital_keypad@pre_key         bssBANK1     00C6
reset_vec                           reset_vec    0000
run_program@key                     cstackBANK0  0060
saved_w                             (abs)        007E
start                               init         000C
start_initialization                cinit        000F
washing_program_displaying@key      cstackBANK0  0024
water_lvl_screen_display@key        cstackBANK0  0024
wtemp0                              (abs)        007E


MODULE INFORMATION

Module		Function		Class		Link	Load	Size
D:\Aarav study\pic\sources\c99\common\awdiv.c
		___awdiv       		CODE           	1727	0000	99

D:\Aarav study\pic\sources\c99\common\awdiv.c estimated size: 99

D:\Aarav study\pic\sources\c99\common\fltol.c
		___fltol       		CODE           	178A	0000	118

D:\Aarav study\pic\sources\c99\common\fltol.c estimated size: 118

digital_keypad.c
		_init_digital_keypad		CODE           	1477	0000	6
		_read_digital_keypad		CODE           	15C6	0000	84

digital_keypad.c estimated size: 90

D:\Aarav study\pic\sources\c99\common\Umul8.c
		___bmul        		CODE           	14A2	0000	19

D:\Aarav study\pic\sources\c99\common\Umul8.c estimated size: 19

D:\Aarav study\pic\sources\c99\common\sprcmul.c
		___flmul       		CODE           	0421	0000	834

D:\Aarav study\pic\sources\c99\common\sprcmul.c estimated size: 834

timer2.c
		_init_timer2   		CODE           	147D	0000	9

timer2.c estimated size: 9

D:\Aarav study\pic\sources\c99\common\Umul8_16.c
		__Umul8_16     		CODE           	1521	0000	41

D:\Aarav study\pic\sources\c99\common\Umul8_16.c estimated size: 41

D:\Aarav study\pic\sources\c99\common\flge.c
		___flge        		CODE           	0822	0000	164

D:\Aarav study\pic\sources\c99\common\flge.c estimated size: 164

isr.c
		_isr           		CODE           	1579	0000	77

isr.c estimated size: 77

shared
		__stringtab    		STRING         	1189	0000	18
		__initialization		CODE           	000F	0000	57

shared estimated size: 75

D:\Aarav study\pic\sources\c99\common\sprcadd.c
		___flsub       		CODE           	14FD	0000	36
		___fladd       		CODE           	0DB0	0000	592

D:\Aarav study\pic\sources\c99\common\sprcadd.c estimated size: 628

D:\Aarav study\pic\sources\c99\common\awmod.c
		___awmod       		CODE           	1671	0000	87

D:\Aarav study\pic\sources\c99\common\awmod.c estimated size: 87

../8-BitDriver.X/clcd.c
		_clcd_write    		CODE           	14DD	0000	32
		_clcd_print    		CODE           	154A	0000	47
		_clcd_putch    		CODE           	14C8	0000	21
		_init_display_controller		CODE           	161A	0000	87
		_init_clcd     		CODE           	1486	0000	11

../8-BitDriver.X/clcd.c estimated size: 198

D:\Aarav study\pic\sources\c99\common\xxtofl.c
		___xxtofl      		CODE           	08C6	0000	182

D:\Aarav study\pic\sources\c99\common\xxtofl.c estimated size: 182

WASHING_MACH_func.c
		_door_status_check		CODE           	16C8	0000	95
		_washing_program_displaying		CODE           	097C	0000	243
		_water_lvl_screen_display		CODE           	0A6F	0000	243
		_run_program   		CODE           	004C	0000	981
		_clear_screen  		CODE           	1491	0000	17
		_set_time      		CODE           	0C67	0000	329
		_powering_on   		CODE           	0763	0000	127

WASHING_MACH_func.c estimated size: 2035

main.c
		_main          		CODE           	0B62	0000	261
		_init_config   		CODE           	07E2	0000	26

main.c estimated size: 287

